[2026-06-07 23:14:22] INFO     orchestrator — Starting scrape — 1 keyword(s) × 4 source(s)
[2026-06-07 23:14:22] INFO     scraper.hacker_news — Scraping 'artificial intelligence' from Hacker News …
[2026-06-07 23:14:22] INFO     scraper.the_guardian — Scraping 'artificial intelligence' from The Guardian …
[2026-06-07 23:14:22] INFO     scraper.arxiv — Scraping 'artificial intelligence' from arXiv …
[2026-06-07 23:14:22] INFO     scraper.bbc_news — Scraping 'artificial intelligence' from BBC News …
[2026-06-07 23:14:24] WARNING  scraper.bbc_news — BBC: No articles parsed — site structure may have changed.
[2026-06-07 23:14:26] INFO     orchestrator — Total articles collected: 30
[2026-06-07 23:14:26] INFO     main — Total time: 3.9s
[2026-06-07 23:15:22] INFO     orchestrator — Starting scrape — 1 keyword(s) × 4 source(s)
[2026-06-07 23:15:22] INFO     scraper.hacker_news — Scraping 'artificial intelligence' from Hacker News …
[2026-06-07 23:15:22] INFO     scraper.the_guardian — Scraping 'artificial intelligence' from The Guardian …
[2026-06-07 23:15:23] INFO     scraper.arxiv — Scraping 'artificial intelligence' from arXiv …
[2026-06-07 23:15:23] INFO     scraper.bbc_news — Scraping 'artificial intelligence' from BBC News …
[2026-06-07 23:15:24] WARNING  scraper.bbc_news — BBC: No articles parsed — site structure may have changed.
[2026-06-07 23:20:58] INFO     orchestrator — Starting scrape — 1 keyword(s) × 4 source(s)
[2026-06-07 23:20:58] INFO     scraper.hacker_news — Scraping 'machine learning' from Hacker News ...
[2026-06-07 23:20:58] INFO     scraper.the_guardian — Scraping 'machine learning' from The Guardian ...
[2026-06-07 23:20:58] INFO     scraper.arxiv — Scraping 'machine learning' from arXiv ...
[2026-06-07 23:20:58] INFO     scraper.bbc_news — Scraping 'machine learning' from BBC News ...
[2026-06-07 23:21:00] INFO     scraper.hacker_news —   [ok] 10 articles found in 1.5s
[2026-06-07 23:21:00] INFO     scraper.arxiv —   [ok] 10 articles found in 1.7s
[2026-06-07 23:21:00] WARNING  scraper.bbc_news — BBC: No articles parsed — site structure may have changed.
[2026-06-07 23:21:00] INFO     scraper.bbc_news —   [ok] 0 articles found in 2.1s
[2026-06-07 23:27:14] INFO     orchestrator — Starting scrape — 1 keyword(s) × 3 source(s)
[2026-06-07 23:27:14] INFO     scraper.hacker_news — Scraping 'machine learning' from Hacker News ...
[2026-06-07 23:27:14] INFO     scraper.arxiv — Scraping 'machine learning' from arXiv ...
[2026-06-07 23:27:14] INFO     scraper.bbc_news — Scraping 'machine learning' from BBC News ...
[2026-06-07 23:27:15] INFO     scraper.arxiv —   [ok] 10 articles found in 1.0s
[2026-06-07 23:27:16] INFO     scraper.hacker_news —   [ok] 10 articles found in 1.4s
[2026-06-07 23:27:16] WARNING  scraper.bbc_news — BBC: No articles parsed — site structure may have changed.
[2026-06-07 23:27:16] INFO     scraper.bbc_news —   [ok] 0 articles found in 1.7s
[2026-06-07 23:27:17] INFO     orchestrator — De-duplicated: 20 -> 20 articles
[2026-06-07 23:27:17] INFO     orchestrator — Total articles collected: 20
[2026-06-07 23:27:17] INFO     exporter — CSV saved -> C:\Users\amjad\Projects\news-intelligence-scraper\output\raw\articles_20260607_232717.csv (20 rows)
[2026-06-07 23:27:17] INFO     exporter — JSON saved -> C:\Users\amjad\Projects\news-intelligence-scraper\output\raw\articles_20260607_232717.json (20 records)
[2026-06-07 23:27:18] INFO     exporter — Excel saved -> C:\Users\amjad\Projects\news-intelligence-scraper\output\raw\articles_20260607_232717.xlsx
[2026-06-07 23:27:18] INFO     exporter — HTML report saved -> C:\Users\amjad\Projects\news-intelligence-scraper\output\reports\report_20260607_232717.html
[2026-06-07 23:27:18] INFO     main — Total time: 3.5s
[2026-06-07 23:29:36] INFO     orchestrator — Starting scrape — 3 keyword(s) × 3 source(s)
[2026-06-07 23:29:36] INFO     scraper.hacker_news — Scraping 'artificial intelligence' from Hacker News ...
[2026-06-07 23:29:36] INFO     scraper.hacker_news — Scraping 'machine learning' from Hacker News ...
[2026-06-07 23:29:36] INFO     scraper.hacker_news — Scraping 'python' from Hacker News ...
[2026-06-07 23:29:36] INFO     scraper.arxiv — Scraping 'artificial intelligence' from arXiv ...
[2026-06-07 23:29:37] INFO     scraper.arxiv —   [ok] 10 articles found in 1.2s
[2026-06-07 23:29:37] INFO     scraper.hacker_news —   [ok] 10 articles found in 1.6s
[2026-06-07 23:29:37] INFO     scraper.hacker_news —   [ok] 10 articles found in 1.6s
[2026-06-07 23:29:37] INFO     scraper.hacker_news —   [ok] 10 articles found in 1.6s
[2026-06-07 23:29:38] INFO     scraper.arxiv — Scraping 'machine learning' from arXiv ...
[2026-06-07 23:29:38] INFO     scraper.arxiv —   [ok] 10 articles found in 0.2s
[2026-06-07 23:29:39] INFO     scraper.bbc_news — Scraping 'artificial intelligence' from BBC News ...
[2026-06-07 23:29:39] INFO     scraper.bbc_news — Scraping 'machine learning' from BBC News ...
[2026-06-07 23:29:39] INFO     scraper.arxiv —   [ok] 10 articles found in 0.6s
[2026-06-07 23:29:40] INFO     scraper.bbc_news — Scraping 'python' from BBC News ...
[2026-06-07 23:29:41] WARNING  scraper.bbc_news — BBC: No articles parsed — site structure may have changed.
[2026-06-07 23:29:41] WARNING  scraper.bbc_news — BBC: No articles parsed — site structure may have changed.
[2026-06-07 23:29:41] INFO     scraper.bbc_news —   [ok] 0 articles found in 2.2s
[2026-06-07 23:29:41] INFO     scraper.bbc_news —   [ok] 0 articles found in 2.2s
[2026-06-07 23:29:42] WARNING  scraper.bbc_news — BBC: No articles parsed — site structure may have changed.
[2026-06-07 23:29:42] INFO     scraper.bbc_news —   [ok] 0 articles found in 1.9s
